// Vitest Snapshot v1

exports[`reads input directory and warns about invalid files 1`] = `
[
  {
    "body": "export const hello = (str: string): void => {
	console.info(\\"Hello %s\\", str);
};",
    "description": "Says hello to the world",
    "name": "Hello World",
    "prefix": "helloWorld",
    "scopes": [
      "typescript",
    ],
  },
  {
    "body": "",
    "description": "Says hello to the world missing",
    "name": "Hello World Missing",
    "prefix": "helloWorldMissing",
    "scopes": [
      "typescript",
    ],
  },
]
`;

exports[`reads input directory and warns about invalid files 2`] = `
[
  [
    "Invalid snippet file emptyFrontMatter.md (snippet will be ignored):

- name is missing
- description is missing
- prefix is missing
- scopes is missing",
  ],
  [
    "Invalid snippet file invalidFrontMatter.md (snippet will be ignored):

- prefix should be of type string
- scopes should be of type string[]",
  ],
  [
    "Invalid snippet file missingFrontMatter.md (snippet will be ignored):

- name is missing
- description is missing
- prefix is missing
- scopes is missing",
  ],
  [
    "Invalid snippet file partialFrontMatter.md (snippet will be ignored):

- prefix is missing
- scopes is missing",
  ],
]
`;
